
Clover EFI installer log - Sat Jun  8 08:52:29 CST 2019
Installer version: v2.4k r4945 EFI bootloader
======================================================
/dev/disk0 (internal):
   #:                       TYPE NAME                    SIZE       IDENTIFIER
   0:      GUID_partition_scheme                         512.1 GB   disk0
   1:                        EFI EFI                     209.7 MB   disk0s1
   2:                 Apple_APFS Container disk1         511.9 GB   disk0s2

/dev/disk1 (synthesized):
   #:                       TYPE NAME                    SIZE       IDENTIFIER
   0:      APFS Container Scheme -                      +511.9 GB   disk1
                                 Physical Store disk0s2
   1:                APFS Volume FrankM2                 121.9 GB   disk1s1
   2:                APFS Volume Preboot                 44.2 MB    disk1s2
   3:                APFS Volume Recovery                517.0 MB   disk1s3
   4:                APFS Volume VM                      5.4 GB     disk1s4

/dev/disk2 (internal, physical):
   #:                       TYPE NAME                    SIZE       IDENTIFIER
   0:      GUID_partition_scheme                        *480.1 GB   disk2
   1:           Windows Recovery                         471.9 MB   disk2s1
   2:                        EFI NO NAME                 104.9 MB   disk2s2
   3:         Microsoft Reserved                         16.8 MB    disk2s3
   4:       Microsoft Basic Data                         478.6 GB   disk2s4
   5:           Windows Recovery                         930.1 MB   disk2s5

/dev/disk3 (disk image):
   #:                       TYPE NAME                    SIZE       IDENTIFIER
   0:      GUID_partition_scheme                        +154.6 MB   disk3
   1:                  Apple_HFS nteract 0.14.3          154.6 MB   disk3s1

/dev/disk4 (disk image):
   #:                       TYPE NAME                    SIZE       IDENTIFIER
   0:                            网易有道词典     +200.0 MB   disk4

======================================================
Backing up EFI files

Backing up stage2 file /Volumes/FrankM2/EFIROOTDIR/boot  to /Volumes/FrankM2/EFI-Backups/r4910/2019-06-08-08h52/boot
Backing up /Volumes/FrankM2/EFIROOTDIR/EFI folder to /Volumes/FrankM2/EFI-Backups/r4910/2019-06-08-08h52/EFI
======================================================
Installing BootSectors/BootLoader

Stage 0 - Don't write any of boot0af, boot0md, boot0ss to /
Stage 1 - Don't write any of boot1h2, boot1f32alt, boot1xalt to /
Stage 2 - Written boot6 (x64) to //boot

======================================================
=========== Clover EFI Installation Finish ===========
======================================================
